tests a function that add two integers
======================================
>>> import sys
>>> sys.path.insert(1, "../")
>>> add_integer = __import__("0-add_integer").add_integer
>>> add_integer(1, 1)
2
>>> add_integer(1.1, 2.1)
3
>>> add_integer(-1, 1)
0
>>> add_integer(-1, -1)
-2
>>> add_integer("hello", 2)
Traceback (most recent call last):
TypeError: a must be an integer
>>> add_integer(1, "hello")
Traceback (most recent call last):
TypeError: b must be an integer
