tests a function that divides every element of a matrix
by a number and returns a new matrix
=======================================================
>>> import sys
>>> sys.path.insert(1, "../")
>>> matrix_divided = __import__("2-matrix_divided").matrix_divided

>>> matrix_divided([[1, 2], [1, 2]], 'q')
Traceback (most recent call last):
TypeError: div must be a number

>>> matrix_divided([[1, 2], [1, 2]], 0)
Traceback (most recent call last):
ZeroDivisionError: division by zero

checking if each row of the matrix is the same size
===================================================
>>> matrix_divided([[1, 2, 3], [1, 2]], 2)
Traceback (most recent call last):
TypeError: Each row of the matrix must have the same size

checking if matrix is a list of lists of integers or floats
============================================================
>>> matrix_divided([[1, 2, 3], [2, 3, 'q']], 2)
Traceback (most recent call last):
TypeError: matrix must be a matrix (list of lists) of integers/floats

>>> matrix = [[1, 2, 3],[4, 5, 6]]
>>> matrix_divided(matrix, 3)
[[0.33, 0.67, 1.0], [1.33, 1.67, 2.0]]
